[
  {
    "Name": ".wh..wh..opq",
    "OriginalName": ".wh..wh..opq",
    "FileInfo": {
      "Name": ".wh..wh..opq",
      "Path": "a/.wh..wh..opq",
      "TypeFlag": 48,
      "Linkname": "",
      "Data": "",
      "Size": 0,
      "Mode": 493,
      "Uid": 0,
      "Gid": 0,
      "IsDir": false
    },
    "WhiteoutType": 2
  }
]