&dfile.Parsed{
    Result: &parser.Result{
        AST: &parser.Node{
            Value:    "",
            Next:     (*parser.Node)(nil),
            Children: {
                &parser.Node{
                    Value: "FROM",
                    Next:  &parser.Node{
                        Value:       "ubuntu:hirsute-20211107",
                        Next:        (*parser.Node)(nil),
                        Children:    nil,
                        Heredocs:    nil,
                        Attributes:  {},
                        Original:    "",
                        Flags:       nil,
                        StartLine:   0,
                        EndLine:     0,
                        PrevComment: nil,
                    },
                    Children:    nil,
                    Heredocs:    nil,
                    Attributes:  {},
                    Original:    "FROM ubuntu:hirsute-20211107",
                    Flags:       {},
                    StartLine:   1,
                    EndLine:     1,
                    PrevComment: nil,
                },
                &parser.Node{
                    Value: "RUN",
                    Next:  &parser.Node{
                        Value:       "apt-get update     && apt-get install -y      tzdata      wget=1.21-1ubuntu3     && cp /usr/share/zoneinfo/Asia/Tokyo /etc/localtime     && rm -rf /usr/share/zoneinfo",
                        Next:        (*parser.Node)(nil),
                        Children:    nil,
                        Heredocs:    nil,
                        Attributes:  {},
                        Original:    "",
                        Flags:       nil,
                        StartLine:   0,
                        EndLine:     0,
                        PrevComment: nil,
                    },
                    Children:    nil,
                    Heredocs:    nil,
                    Attributes:  {},
                    Original:    "RUN apt-get update     && apt-get install -y      tzdata      wget=1.21-1ubuntu3     && cp /usr/share/zoneinfo/Asia/Tokyo /etc/localtime     && rm -rf /usr/share/zoneinfo",
                    Flags:       {},
                    StartLine:   3,
                    EndLine:     8,
                    PrevComment: nil,
                },
            },
            Heredocs:    nil,
            Attributes:  {},
            Original:    "",
            Flags:       nil,
            StartLine:   1,
            EndLine:     8,
            PrevComment: nil,
        },
        EscapeToken: 92,
        Warnings:    {},
    },
}